#-----------------------------------------------------------
# Vivado v2025.2 (64-bit)
# SW Build 6299465 on Fri Nov 14 19:35:11 GMT 2025
# IP Build 6300035 on Fri Nov 14 10:48:45 MST 2025
# SharedData Build 6298862 on Thu Nov 13 04:50:51 MST 2025
# Start of session at: Sun Mar 15 18:17:49 2026
# Process ID         : 16092
# Current directory  : C:/vivado/Pedestrian Detection
# Command line       : vivado.exe -gui_launcher_event rodinguilauncherevent13824 C:\vivado\Pedestrian Detection\Pedestrian Detection.xpr
# Log file           : C:/vivado/Pedestrian Detection/vivado.log
# Journal file       : C:/vivado/Pedestrian Detection\vivado.jou
# Running On         : Ranasiddu
# Platform           : Windows Server 2016 or Windows 10
# Operating System   : 26200
# Processor Detail   : 13th Gen Intel(R) Core(TM) i5-13420H
# CPU Frequency      : 2611 MHz
# CPU Physical cores : 8
# CPU Logical cores  : 12
# Host memory        : 16809 MB
# Swap memory        : 5100 MB
# Total Virtual      : 21910 MB
# Available Virtual  : 11054 MB
#-----------------------------------------------------------
start_gui
open_project {C:/vivado/Pedestrian Detection/Pedestrian Detection.xpr}
update_compile_order -fileset sources_1
