Copyright 1986-2022 Xilinx, Inc. All Rights Reserved. Copyright 2022-2025 Advanced Micro Devices, Inc. All Rights Reserved.
---------------------------------------------------------------------------------------------------------------------------------------------
| Tool Version : Vivado v.2025.2 (win64) Build 6299465 Fri Nov 14 19:35:11 GMT 2025
| Date         : Thu Apr  9 11:19:09 2026
| Host         : Ranasiddu running 64-bit major release  (build 9200)
| Command      : report_control_sets -verbose -file pedestrian_top_control_sets_placed.rpt
| Design       : pedestrian_top
| Device       : xc7a35t
---------------------------------------------------------------------------------------------------------------------------------------------

Control Set Information

Table of Contents
-----------------
1. Summary
2. Histogram
3. Flip-Flop Distribution
4. Detailed Control Set Information

1. Summary
----------

+----------------------------------------------------------+-------+
|                          Status                          | Count |
+----------------------------------------------------------+-------+
| Total control sets                                       |    15 |
|    Minimum number of control sets                        |    15 |
|    Addition due to synthesis replication                 |     0 |
|    Addition due to physical synthesis replication        |     0 |
| Unused register locations in slices containing registers |    61 |
+----------------------------------------------------------+-------+
* Control sets can be merged at opt_design using control_set_merge or merge_equivalent_drivers
** Run report_qor_suggestions for automated merging and remapping suggestions


2. Histogram
------------

+--------------------+-------+
|       Fanout       | Count |
+--------------------+-------+
| Total control sets |    15 |
| >= 0 to < 4        |     5 |
| >= 4 to < 6        |     3 |
| >= 6 to < 8        |     0 |
| >= 8 to < 10       |     1 |
| >= 10 to < 12      |     1 |
| >= 12 to < 14      |     0 |
| >= 14 to < 16      |     0 |
| >= 16              |     5 |
+--------------------+-------+
* Control sets can be remapped at either synth_design or opt_design


3. Flip-Flop Distribution
-------------------------

+--------------+-----------------------+------------------------+-----------------+--------------+
| Clock Enable | Synchronous Set/Reset | Asynchronous Set/Reset | Total Registers | Total Slices |
+--------------+-----------------------+------------------------+-----------------+--------------+
| No           | No                    | No                     |             117 |           26 |
| No           | No                    | Yes                    |               0 |            0 |
| No           | Yes                   | No                     |              29 |           10 |
| Yes          | No                    | No                     |              15 |            8 |
| Yes          | No                    | Yes                    |               0 |            0 |
| Yes          | Yes                   | No                     |              58 |           12 |
+--------------+-----------------------+------------------------+-----------------+--------------+


4. Detailed Control Set Information
-----------------------------------

+------------------------+----------------------------------------------------------------------------------------------------------------------+---------------------------------------------------------------------------------------------------------------------------+------------------+----------------+--------------+
|      Clock Signal      |                                                     Enable Signal                                                    |                                                      Set/Reset Signal                                                     | Slice Load Count | Bel Load Count | Bels / Slice |
+------------------------+----------------------------------------------------------------------------------------------------------------------+---------------------------------------------------------------------------------------------------------------------------+------------------+----------------+--------------+
|  CONFIG/sclk_reg_n_0   | CONFIG/sioc_i_1_n_0                                                                                                  |                                                                                                                           |                1 |              1 |         1.00 |
|  CONFIG/clk0           |                                                                                                                      |                                                                                                                           |                1 |              1 |         1.00 |
|  clk_IBUF_BUFG         | GRAY/gray_valid                                                                                                      |                                                                                                                           |                1 |              1 |         1.00 |
|  CONFIG/sclk_reg_n_0   |                                                                                                                      |                                                                                                                           |                1 |              2 |         2.00 |
|  ov7670_pclk_IBUF_BUFG |                                                                                                                      | FIFO/fifo_inst/U0/inst_fifo_gen/gconvfifo.rf/grf.rf/rstblk/ngwrdrst.grst.g7serrst.gsckt_wrst.gic_rst.sckt_wr_rst_ic_reg_0 |                2 |              3 |         1.50 |
|  CONFIG/sclk_reg_n_0   | CONFIG/bit_cnt[3]_i_1_n_0                                                                                            |                                                                                                                           |                2 |              4 |         2.00 |
|  CONFIG/sclk_reg_n_0   | CONFIG/state[3]_i_1_n_0                                                                                              |                                                                                                                           |                2 |              4 |         2.00 |
|  CONFIG/sclk_reg_n_0   | CONFIG/rom_addr[4]_i_1_n_0                                                                                           |                                                                                                                           |                2 |              5 |         2.50 |
|  CONFIG/sclk_reg_n_0   | CONFIG/data[7]_i_2_n_0                                                                                               | CONFIG/data_0[0]                                                                                                          |                1 |              8 |         8.00 |
|  clk_IBUF_BUFG         |                                                                                                                      | FIFO/fifo_inst/U0/inst_fifo_gen/gconvfifo.rf/grf.rf/rstblk/SR[0]                                                          |                3 |             10 |         3.33 |
|  CONFIG/clk0           |                                                                                                                      | CONFIG/sclk                                                                                                               |                5 |             16 |         3.20 |
|  clk_IBUF_BUFG         | FIFO/fifo_inst/U0/inst_fifo_gen/gconvfifo.rf/grf.rf/gntv_or_sync_fifo.gl0.rd/gr1.gr1_int.rfwft/ram_empty_fb_i_reg[0] | FIFO/fifo_inst/U0/inst_fifo_gen/gconvfifo.rf/grf.rf/rstblk/SR[0]                                                          |                4 |             20 |         5.00 |
|  ov7670_pclk_IBUF_BUFG | FIFO/fifo_inst/U0/inst_fifo_gen/gconvfifo.rf/grf.rf/gntv_or_sync_fifo.gl0.wr/gwas.wsts/E[0]                          | FIFO/fifo_inst/U0/inst_fifo_gen/gconvfifo.rf/grf.rf/rstblk/ngwrdrst.grst.g7serrst.gsckt_wrst.gic_rst.sckt_wr_rst_ic_reg_0 |                7 |             30 |         4.29 |
|  clk_IBUF_BUFG         |                                                                                                                      |                                                                                                                           |               11 |             54 |         4.91 |
|  ov7670_pclk_IBUF_BUFG |                                                                                                                      |                                                                                                                           |               13 |             60 |         4.62 |
+------------------------+----------------------------------------------------------------------------------------------------------------------+---------------------------------------------------------------------------------------------------------------------------+------------------+----------------+--------------+


