#-----------------------------------------------------------
# Vivado v2025.2 (64-bit)
# SW Build 6299465 on Fri Nov 14 19:35:11 GMT 2025
# IP Build 6300035 on Fri Nov 14 10:48:45 MST 2025
# SharedData Build 6298862 on Thu Nov 13 04:50:51 MST 2025
# Start of session at: Thu Apr  9 11:18:46 2026
# Process ID         : 1836
# Current directory  : C:/vivado/Pedestrian Detection/Pedestrian Detection.runs/impl_1
# Command line       : vivado.exe -log pedestrian_top.vdi -applog -product Vivado -messageDb vivado.pb -mode batch -source pedestrian_top.tcl -notrace
# Log file           : C:/vivado/Pedestrian Detection/Pedestrian Detection.runs/impl_1/pedestrian_top.vdi
# Journal file       : C:/vivado/Pedestrian Detection/Pedestrian Detection.runs/impl_1\vivado.jou
# Running On         : Ranasiddu
# Platform           : Windows Server 2016 or Windows 10
# Operating System   : 26200
# Processor Detail   : 13th Gen Intel(R) Core(TM) i5-13420H
# CPU Frequency      : 2611 MHz
# CPU Physical cores : 8
# CPU Logical cores  : 12
# Host memory        : 16809 MB
# Swap memory        : 5100 MB
# Total Virtual      : 21910 MB
# Available Virtual  : 9088 MB
#-----------------------------------------------------------
source pedestrian_top.tcl -notrace
